gallery/QGIS/26Summer/bne_planting_priority/bne_planting_priority.qmd,2026-07-31 12:09:43
gallery/QGIS/26Summer/ShawneeGorringe/MuralagIslandSampleLocations-ShawneeGorringe.qmd,2026-07-31 12:09:43
gallery/QGIS/26Summer/MakaylaHarding/Cilicia_Precipitation_Map-Makayla_Harding.qmd,2026-07-31 12:09:43
gallery/QGIS/26Summer/Edison/Scenario_3_Land_Use-Edison.qmd,2026-07-31 12:09:43
gallery/QGIS/26Summer/Bardia_Danaei/Public_toilets_coverage_in_Brisbane-Bardia_Danaei.qmd,2026-07-31 12:09:43
gallery/QGIS/26Summer/Stephane/books_-_Stéphane.qmd,2026-07-31 12:09:43
gallery/QGIS/26Summer/RH/ED_visits_among_MS_children-RH.qmd,2026-07-31 12:09:43
gallery/QGIS/26Summer/Gabriel_Parker/sc_vbd_incidence-gabriel_parker.qmd,2026-07-31 12:09:43
gallery/QGIS/26Summer/Quan/Mortality_across_QLD_health_department-QUAN.qmd,2026-07-31 12:09:43
gallery/QGIS/26Summer/Frank/BNE_drop_bear_map-Frank.qmd,2026-07-31 12:09:43
gallery/QGIS/26Summer/Kent/map_kgari-kent.qmd,2026-07-31 12:09:43
gallery/QGIS/26Summer/Yifei/Exposure_to_Environment_Risk_(Bushfire)_-_Yifei.qmd,2026-07-31 12:09:43
gallery/QGIS/26Summer/Collins/Yeppoon_acid_sulphate_soils-Collins.qmd,2026-07-31 12:09:43
gallery/QGIS/26Summer/AsukaHorikoshi/BNEEVChargerDistribution-AsukaHorikoshi.qmd,2026-07-31 12:09:43
gallery/QGIS/26Summer/Nara/Brisbane_Food_Environment-Nara.qmd,2026-07-31 12:09:43
gallery/QGIS/26Winter/Laneways_with_greening_potenital-ZW/Laneways_with_greening_potential-ZW.qmd,2026-07-31 12:09:43
gallery/QGIS/26Winter/Bird_Strike_State_By_Quartile-Anis/Bird_Strike_State_By_Quartile-Anis.qmd,2026-07-31 12:09:43
gallery/QGIS/26Winter/Dogregistration&Dogoffleasharea/Dogregistration&Dogoffleasharea.qmd,2026-07-31 12:09:43
gallery/QGIS/26Winter/Philippine_Mango_Map-Pee-Jay/Philippine_Mango_Map-Pee-Jay.qmd,2026-07-31 12:09:43
gallery/QGIS/26Winter/dog_parks_Stephane/dog_parks-Stéphane.qmd,2026-07-31 12:09:43
gallery/QGIS/26Winter/Kyoto_Machiya_Livability-Tommy/Kyoto_Machiya_Livability-Tommy.qmd,2026-07-31 12:09:43
gallery/QGIS/26Winter/Percieved_Safety_West_End_Brisbane_Nooradini_Yassin/Percieved_Safety_West_End_Brisbane_Nooradini_Yassin.qmd,2026-07-31 12:09:43
gallery/QGIS/26Winter/Subhitcha_Senthilvel/Subhitcha_Senthilvel.qmd,2026-07-31 12:09:43
gallery/QGIS/26Winter/QLD_Pools_per_Person-Cal_Wing/QLD_Pools_per_Person-Cal_Wing.qmd,2026-07-31 12:09:43
gallery/R/25Winter/Chris/Population_-_Presentation_for_R_Training.qmd,2026-07-31 12:09:43
gallery/R/25Winter/Andrew Proj/report.qmd,2026-07-31 12:09:43
gallery/R/25Winter/Claudine & Emman/Fuel_sites.qmd,2026-07-31 12:09:43
gallery/R/25Winter/Claudine & Emman/QLD_fuel.qmd,2026-07-31 12:09:43
gallery/R/25Winter/Sandya & Buddhika/melb_property.qmd,2026-07-31 12:09:43
gallery/R/25Winter/example_project/example_project.qmd,2026-07-31 12:09:43
gallery/R/25Winter/Casey & Jess Project/Project_Hospital_Report.qmd,2026-07-31 12:09:43
gallery/R/25Winter/Ben's Project/report_ben.qmd,2026-07-31 12:09:43
gallery/R/25Winter/Aisha Aslam/R_Intensive_Report.qmd,2026-07-31 12:09:43
gallery/R/25Winter/Nora's Project/Nora_project.qmd,2026-07-31 12:09:43
gallery/R/25Winter/Adriel Project/Report-Test.qmd,2026-07-31 12:09:43
gallery/R/25Winter/Liz's Project/Report.qmd,2026-07-31 12:09:43
gallery/R/25Winter/cathys project/report.qmd,2026-07-31 12:09:43
gallery/R/25Winter/Swagata & Sandhya's Project/Queensland_hospital_dataanalysis.qmd,2026-07-31 12:09:43
gallery/R/25Summer/Dawn/project_dashboard.qmd,2026-07-31 12:09:43
gallery/R/25Summer/Mehershad/Football_Birth_Month.qmd,2026-07-31 12:09:43
gallery/R/25Summer/Adelia/COFFEE.qmd,2026-07-31 12:09:43
gallery/R/25Summer/Birdstrike/Birdstrikes.qmd,2026-07-31 12:09:43
gallery/R/25Summer/Caira/Coffee.qmd,2026-07-31 12:09:43
gallery/R/25Summer/Toasted/Bird_Strike_Dashboard.qmd,2026-07-31 12:09:43
gallery/R/25Summer/Warren/DashbdProjW.qmd,2026-07-31 12:09:43
gallery/R/25Summer/Karunarathna/dashboard.qmd,2026-07-31 12:09:43
gallery/R/25Summer/BCD/Goodreads_books.qmd,2026-07-31 12:09:43
gallery/R/25Summer/Krystie/dashy_presentation.qmd,2026-07-31 12:09:43
gallery/R/26Summer/r-intensive-project-eugene/Predicting_Book_Ratings.qmd,2026-07-31 12:09:43
gallery/R/26Summer/R Intensive project Li/sharing.qmd,2026-07-31 12:09:43
gallery/R/26Summer/Project Liquid Brown Gold/Coffee_Flavour_Pref.qmd,2026-07-31 12:09:43
gallery/R/26Summer/Project Liquid Brown Gold/Quarto_Cafe.qmd,2026-07-31 12:09:43
gallery/R/26Summer/r-intensive project-jaz/Group_Project_Webpage.qmd,2026-07-31 12:09:43
gallery/R/26Summer/example_project/example_project.qmd,2026-07-31 12:09:43
gallery/R/26Summer/r-intensive-project-hehe/Group_Project.qmd,2026-07-31 12:09:43
gallery/R/26Summer/r-intensive-project-j&n/group_project_final.qmd,2026-07-31 12:09:43
gallery/R/26Summer/Manoel/r-intensives_Manoel.qmd,2026-07-31 12:09:43
gallery/R/26Summer/r-intensive-project-zel/coffee_quarto.qmd,2026-07-31 12:09:43
gallery/R/26Summer/R_intensive_project_mrs/The_Striker_&_Height_Conundrum.qmd,2026-07-31 12:09:43
gallery/R/26Winter/AU vs Co - gdpPercap and LifeExp correlation/Project.qmd,2026-07-31 12:09:43
gallery/R/26Winter/Fuel Price/Report.qmd,2026-07-31 12:09:43
gallery/R/26Winter/Good read books/report.qmd,2026-07-31 12:09:43
gallery/R/26Winter/Housing project_Ana_Nelson/Housing_project_report_copy.qmd,2026-07-31 12:09:43
gallery/Python/25Winter/Coffee Preferences/ProjectCoffee.qmd,2026-07-31 12:09:43
gallery/Python/25Winter/Another coffee survey/Pawatsada.qmd,2026-07-31 12:09:43
gallery/Python/25Winter/Group2/group_project.qmd,2026-07-31 12:09:43
gallery/Python/25Winter/example_project/example_project.qmd,2026-07-31 12:09:43
gallery/Python/25Winter/Australia and Cambodia Populations/project_report.qmd,2026-07-31 12:09:43
gallery/Python/25Winter/Mst Noorunnahar/project_nahar.qmd,2026-07-31 12:09:43
gallery/Python/25Winter/Coffee Horror/coffee.qmd,2026-07-31 12:09:43
gallery/Python/25Winter/Prince/gapminder2025.qmd,2026-07-31 12:09:43
gallery/Python/25Winter/Sisay/report.qmd,2026-07-31 12:09:43
gallery/Python/25Summer/Lydeth/Goodread.qmd,2026-07-31 12:09:43
gallery/Python/25Summer/Koyo & Liz/Plane.qmd,2026-07-31 12:09:43
gallery/Python/25Summer/Koyo & Liz/project.qmd,2026-07-31 12:09:43
gallery/Python/25Summer/Edison/fuel_project.qmd,2026-07-31 12:09:43
gallery/Python/25Summer/Edison/fuel_db.qmd,2026-07-31 12:09:43
gallery/Python/25Summer/example_project/example_project.qmd,2026-07-31 12:09:43
gallery/Python/25Summer/Adelia & Lauren/Fuel.qmd,2026-07-31 12:09:43
gallery/Python/25Summer/Emma/Goodread.qmd,2026-07-31 12:09:43
gallery/Python/25Summer/Python-project-Nish/dashboard.qmd,2026-07-31 12:09:43
gallery/Python/25Summer/Caira/dashboardbooks.qmd,2026-07-31 12:09:43
gallery/Python/25Summer/Najiha/dashboardbooks.qmd,2026-07-31 12:09:43
gallery/Python/26Summer/PP_Bird Strikes_Sillak/Group_repo.qmd,2026-07-31 12:09:43
gallery/Python/26Summer/Steph - Goodreads data/Python_project_Steph.qmd,2026-07-31 12:09:43
gallery/Python/26Summer/Vava_Renna_Namitha-Gapminder data set analysis/project_report_vava_namitha_renna.qmd,2026-07-31 12:09:43
gallery/Python/26Summer/Xueming-How Strength of Coffee People Drink/How_Strength_of_Coffee_People_Drink.qmd,2026-07-31 12:09:43
gallery/Python/26Summer/Pei Han - Melbourne House Pricing/melpricing.qmd,2026-07-31 12:09:43
gallery/Python/26Summer/ubaid/ubaid_gapminder_project.qmd,2026-07-31 12:09:43
gallery/Python/26Summer/Gustavo - Melbourne Housing data/Melbourne_Report.qmd,2026-07-31 12:09:43
gallery/Python/26Summer/Kelly - Melbourne House Prices/report.qmd,2026-07-31 12:09:43
gallery/Python/26Summer/Yiwen wfh by Favourite Type Group/Yiwen.report.qmd,2026-07-31 12:09:43
gallery/Python/26Summer/Lucy - GoodReads/books.qmd,2026-07-31 12:09:43
gallery/Python/26Summer/Andrew - Population data/report.qmd,2026-07-31 12:09:43
gallery/Python/26Summer/Rion - Monthly Rainfall Analysis in Brisbane/rainfall_report.qmd,2026-07-31 12:09:43
gallery/Python/26Winter/LifeExpReport/LifeExpReport.qmd,2026-07-31 12:09:43
gallery/Python/26Winter/5_most_reviewed_authors/5mostreviewedauthors_code.qmd,2026-07-31 12:09:43
gallery/Python/26Winter/Greenhouse_yield_dashboard_Jane_Shadia/greenhouse_yield_analysis.qmd,2026-07-31 12:09:43
gallery/Python/26Winter/Dino/qld_fuel.qmd,2026-07-31 12:09:43
gallery/Python/26Winter/Lin_Ni-Jung/project_Lin_Ni-Jung.qmd,2026-07-31 12:09:43
gallery/R/26Winter/Bird_strikes/Project_Bird_strikes.qmd,2026-07-31 12:19:54
gallery/Python/25Winter/Coffee Survey/MyReport.qmd,2026-07-31 12:19:54
gallery/Python/26Winter/Reading Interest/fix_project.qmd,2026-07-31 12:19:54